Scenario=G0
Seed=42
Stage1Mode=generic
Stage1Files=['train_augmented_generic_eda.csv']
Stage2=False
MinorityF2=False

======================================================================
STAGE 1 — GENERIC — EPOCH 1/6
======================================================================
Train Loss: 1.135026
Validation Micro F1: 62.33%
Validation Macro F1: 37.72%
Validation Macro Recall: 42.33%
Best Epoch: 1
Best Validation Macro F1 @0.5: 37.72%
Patience: 0/2
======================================================================

======================================================================
STAGE 1 — GENERIC — EPOCH 2/6
======================================================================
Train Loss: 0.308321
Validation Micro F1: 68.81%
Validation Macro F1: 54.22%
Validation Macro Recall: 62.95%
Best Epoch: 2
Best Validation Macro F1 @0.5: 54.22%
Patience: 0/2
======================================================================

======================================================================
STAGE 1 — GENERIC — EPOCH 3/6
======================================================================
Train Loss: 0.158077
Validation Micro F1: 73.10%
Validation Macro F1: 59.09%
Validation Macro Recall: 67.37%
Best Epoch: 3
Best Validation Macro F1 @0.5: 59.09%
Patience: 0/2
======================================================================

======================================================================
STAGE 1 — GENERIC — EPOCH 4/6
======================================================================
Train Loss: 0.087504
Validation Micro F1: 74.13%
Validation Macro F1: 58.55%
Validation Macro Recall: 63.83%
Best Epoch: 3
Best Validation Macro F1 @0.5: 59.09%
Patience: 1/2
======================================================================

======================================================================
STAGE 1 — GENERIC — EPOCH 5/6
======================================================================
Train Loss: 0.051559
Validation Micro F1: 76.23%
Validation Macro F1: 60.81%
Validation Macro Recall: 66.11%
Best Epoch: 5
Best Validation Macro F1 @0.5: 60.81%
Patience: 0/2
======================================================================

======================================================================
STAGE 1 — GENERIC — EPOCH 6/6
======================================================================
Train Loss: 0.033902
Validation Micro F1: 76.33%
Validation Macro F1: 60.72%
Validation Macro Recall: 64.87%
Best Epoch: 5
Best Validation Macro F1 @0.5: 60.81%
Patience: 1/2
======================================================================
