Scenario=G0
Seed=42
Stage1Mode=generic
Stage1Files=['train_augmented_generic_eda.csv']
Stage2=False
MinorityF2=False

======================================================================
STAGE 1 — GENERIC — EPOCH 1/6
======================================================================
Train Loss: 1.516370
Validation Micro F1: 51.09%
Validation Macro F1: 31.68%
Validation Macro Recall: 34.15%
Best Epoch: 1
Best Validation Macro F1 @0.5: 31.68%
Patience: 0/2
======================================================================

======================================================================
STAGE 1 — GENERIC — EPOCH 2/6
======================================================================
Train Loss: 0.402508
Validation Micro F1: 60.40%
Validation Macro F1: 46.99%
Validation Macro Recall: 57.26%
Best Epoch: 2
Best Validation Macro F1 @0.5: 46.99%
Patience: 0/2
======================================================================

======================================================================
STAGE 1 — GENERIC — EPOCH 3/6
======================================================================
Train Loss: 0.221757
Validation Micro F1: 65.98%
Validation Macro F1: 53.00%
Validation Macro Recall: 63.84%
Best Epoch: 3
Best Validation Macro F1 @0.5: 53.00%
Patience: 0/2
======================================================================

======================================================================
STAGE 1 — GENERIC — EPOCH 4/6
======================================================================
Train Loss: 0.138698
Validation Micro F1: 67.63%
Validation Macro F1: 54.42%
Validation Macro Recall: 63.06%
Best Epoch: 4
Best Validation Macro F1 @0.5: 54.42%
Patience: 0/2
======================================================================

======================================================================
STAGE 1 — GENERIC — EPOCH 5/6
======================================================================
Train Loss: 0.095458
Validation Micro F1: 68.44%
Validation Macro F1: 56.06%
Validation Macro Recall: 65.34%
Best Epoch: 5
Best Validation Macro F1 @0.5: 56.06%
Patience: 0/2
======================================================================

======================================================================
STAGE 1 — GENERIC — EPOCH 6/6
======================================================================
Train Loss: 0.073233
Validation Micro F1: 68.98%
Validation Macro F1: 56.37%
Validation Macro Recall: 64.76%
Best Epoch: 6
Best Validation Macro F1 @0.5: 56.37%
Patience: 0/2
======================================================================
