Scenario=G0
Seed=42
Stage1Mode=generic
Stage1Files=['train_augmented_generic_eda.csv']
Stage2=False
MinorityF2=False

======================================================================
STAGE 1 — GENERIC — EPOCH 1/6
======================================================================
Train Loss: 1.880089
Validation Micro F1: 46.91%
Validation Macro F1: 21.73%
Validation Macro Recall: 21.20%
Best Epoch: 1
Best Validation Macro F1 @0.5: 21.73%
Patience: 0/2
======================================================================

======================================================================
STAGE 1 — GENERIC — EPOCH 2/6
======================================================================
Train Loss: 0.410816
Validation Micro F1: 64.74%
Validation Macro F1: 47.28%
Validation Macro Recall: 52.17%
Best Epoch: 2
Best Validation Macro F1 @0.5: 47.28%
Patience: 0/2
======================================================================

======================================================================
STAGE 1 — GENERIC — EPOCH 3/6
======================================================================
Train Loss: 0.171779
Validation Micro F1: 69.36%
Validation Macro F1: 56.03%
Validation Macro Recall: 61.31%
Best Epoch: 3
Best Validation Macro F1 @0.5: 56.03%
Patience: 0/2
======================================================================

======================================================================
STAGE 1 — GENERIC — EPOCH 4/6
======================================================================
Train Loss: 0.073352
Validation Micro F1: 73.45%
Validation Macro F1: 59.08%
Validation Macro Recall: 62.12%
Best Epoch: 4
Best Validation Macro F1 @0.5: 59.08%
Patience: 0/2
======================================================================

======================================================================
STAGE 1 — GENERIC — EPOCH 5/6
======================================================================
Train Loss: 0.030908
Validation Micro F1: 74.83%
Validation Macro F1: 59.10%
Validation Macro Recall: 60.61%
Best Epoch: 5
Best Validation Macro F1 @0.5: 59.10%
Patience: 0/2
======================================================================

======================================================================
STAGE 1 — GENERIC — EPOCH 6/6
======================================================================
Train Loss: 0.016085
Validation Micro F1: 75.09%
Validation Macro F1: 59.78%
Validation Macro Recall: 61.12%
Best Epoch: 6
Best Validation Macro F1 @0.5: 59.78%
Patience: 0/2
======================================================================
