Scenario=B2_E1
Seed=42
Stage1Mode=cyber
Stage1Files=['train_augmented_eda.csv']
Stage2=True
MinorityF2=True

======================================================================
STAGE 1 — CYBER — EPOCH 1/6
======================================================================
Train Loss: 1.327332
Validation Micro F1: 52.64%
Validation Macro F1: 27.18%
Validation Macro Recall: 29.47%
Best Epoch: 1
Best Validation Macro F1 @0.5: 27.18%
Patience: 0/2
======================================================================

======================================================================
STAGE 1 — CYBER — EPOCH 2/6
======================================================================
Train Loss: 0.421141
Validation Micro F1: 64.35%
Validation Macro F1: 49.77%
Validation Macro Recall: 58.05%
Best Epoch: 2
Best Validation Macro F1 @0.5: 49.77%
Patience: 0/2
======================================================================

======================================================================
STAGE 1 — CYBER — EPOCH 3/6
======================================================================
Train Loss: 0.225503
Validation Micro F1: 69.26%
Validation Macro F1: 57.35%
Validation Macro Recall: 67.54%
Best Epoch: 3
Best Validation Macro F1 @0.5: 57.35%
Patience: 0/2
======================================================================

======================================================================
STAGE 1 — CYBER — EPOCH 4/6
======================================================================
Train Loss: 0.135801
Validation Micro F1: 70.18%
Validation Macro F1: 57.95%
Validation Macro Recall: 66.88%
Best Epoch: 4
Best Validation Macro F1 @0.5: 57.95%
Patience: 0/2
======================================================================

======================================================================
STAGE 1 — CYBER — EPOCH 5/6
======================================================================
Train Loss: 0.089345
Validation Micro F1: 72.99%
Validation Macro F1: 59.28%
Validation Macro Recall: 67.75%
Best Epoch: 5
Best Validation Macro F1 @0.5: 59.28%
Patience: 0/2
======================================================================

======================================================================
STAGE 1 — CYBER — EPOCH 6/6
======================================================================
Train Loss: 0.064271
Validation Micro F1: 73.27%
Validation Macro F1: 60.15%
Validation Macro Recall: 67.80%
Best Epoch: 6
Best Validation Macro F1 @0.5: 60.15%
Patience: 0/2
======================================================================

======================================================================
STAGE 2 — ORIGINAL ONLY — EPOCH 1/6
======================================================================
Train Loss: 0.073702
Validation Micro F1: 73.77%
Validation Macro F1: 60.90%
Validation Macro Recall: 66.63%
Best Epoch: 1
Best Validation Macro F1 @0.5: 60.90%
Patience: 0/2
======================================================================

======================================================================
STAGE 2 — ORIGINAL ONLY — EPOCH 2/6
======================================================================
Train Loss: 0.061137
Validation Micro F1: 74.57%
Validation Macro F1: 60.43%
Validation Macro Recall: 64.70%
Best Epoch: 1
Best Validation Macro F1 @0.5: 60.90%
Patience: 1/2
======================================================================

======================================================================
STAGE 2 — ORIGINAL ONLY — EPOCH 3/6
======================================================================
Train Loss: 0.033535
Validation Micro F1: 74.70%
Validation Macro F1: 61.53%
Validation Macro Recall: 67.31%
Best Epoch: 3
Best Validation Macro F1 @0.5: 61.53%
Patience: 0/2
======================================================================

======================================================================
STAGE 2 — ORIGINAL ONLY — EPOCH 4/6
======================================================================
Train Loss: 0.017930
Validation Micro F1: 75.59%
Validation Macro F1: 63.02%
Validation Macro Recall: 68.24%
Best Epoch: 4
Best Validation Macro F1 @0.5: 63.02%
Patience: 0/2
======================================================================

======================================================================
STAGE 2 — ORIGINAL ONLY — EPOCH 5/6
======================================================================
Train Loss: 0.010447
Validation Micro F1: 76.39%
Validation Macro F1: 63.90%
Validation Macro Recall: 69.04%
Best Epoch: 5
Best Validation Macro F1 @0.5: 63.90%
Patience: 0/2
======================================================================

======================================================================
STAGE 2 — ORIGINAL ONLY — EPOCH 6/6
======================================================================
Train Loss: 0.007191
Validation Micro F1: 76.38%
Validation Macro F1: 62.73%
Validation Macro Recall: 67.97%
Best Epoch: 5
Best Validation Macro F1 @0.5: 63.90%
Patience: 1/2
======================================================================
