Scenario=B1
Seed=42
Stage1Mode=cyber
Stage1Files=['train_augmented_eda.csv']
Stage2=False
MinorityF2=False

======================================================================
STAGE 1 — CYBER — EPOCH 1/6
======================================================================
Train Loss: 1.429211
Validation Micro F1: 44.56%
Validation Macro F1: 13.29%
Validation Macro Recall: 14.27%
Best Epoch: 1
Best Validation Macro F1 @0.5: 13.29%
Patience: 0/2
======================================================================

======================================================================
STAGE 1 — CYBER — EPOCH 2/6
======================================================================
Train Loss: 0.478196
Validation Micro F1: 62.31%
Validation Macro F1: 47.10%
Validation Macro Recall: 54.23%
Best Epoch: 2
Best Validation Macro F1 @0.5: 47.10%
Patience: 0/2
======================================================================

======================================================================
STAGE 1 — CYBER — EPOCH 3/6
======================================================================
Train Loss: 0.263996
Validation Micro F1: 66.11%
Validation Macro F1: 54.11%
Validation Macro Recall: 65.27%
Best Epoch: 3
Best Validation Macro F1 @0.5: 54.11%
Patience: 0/2
======================================================================

======================================================================
STAGE 1 — CYBER — EPOCH 4/6
======================================================================
Train Loss: 0.164748
Validation Micro F1: 69.76%
Validation Macro F1: 58.38%
Validation Macro Recall: 67.47%
Best Epoch: 4
Best Validation Macro F1 @0.5: 58.38%
Patience: 0/2
======================================================================

======================================================================
STAGE 1 — CYBER — EPOCH 5/6
======================================================================
Train Loss: 0.111423
Validation Micro F1: 70.86%
Validation Macro F1: 59.31%
Validation Macro Recall: 68.38%
Best Epoch: 5
Best Validation Macro F1 @0.5: 59.31%
Patience: 0/2
======================================================================

======================================================================
STAGE 1 — CYBER — EPOCH 6/6
======================================================================
Train Loss: 0.083563
Validation Micro F1: 71.71%
Validation Macro F1: 60.01%
Validation Macro Recall: 68.43%
Best Epoch: 6
Best Validation Macro F1 @0.5: 60.01%
Patience: 0/2
======================================================================
