Scenario=G0
Seed=42
Stage1Mode=generic
Stage1Files=['train_augmented_generic_eda.csv']
Stage2=False
MinorityF2=False

======================================================================
STAGE 1 — GENERIC — EPOCH 1/6
======================================================================
Train Loss: 1.837886
Validation Micro F1: 43.86%
Validation Macro F1: 16.77%
Validation Macro Recall: 17.66%
Best Epoch: 1
Best Validation Macro F1 @0.5: 16.77%
Patience: 0/2
======================================================================

======================================================================
STAGE 1 — GENERIC — EPOCH 2/6
======================================================================
Train Loss: 0.444483
Validation Micro F1: 62.92%
Validation Macro F1: 47.22%
Validation Macro Recall: 50.87%
Best Epoch: 2
Best Validation Macro F1 @0.5: 47.22%
Patience: 0/2
======================================================================

======================================================================
STAGE 1 — GENERIC — EPOCH 3/6
======================================================================
Train Loss: 0.190423
Validation Micro F1: 68.17%
Validation Macro F1: 51.80%
Validation Macro Recall: 54.40%
Best Epoch: 3
Best Validation Macro F1 @0.5: 51.80%
Patience: 0/2
======================================================================

======================================================================
STAGE 1 — GENERIC — EPOCH 4/6
======================================================================
Train Loss: 0.081981
Validation Micro F1: 70.14%
Validation Macro F1: 55.62%
Validation Macro Recall: 58.79%
Best Epoch: 4
Best Validation Macro F1 @0.5: 55.62%
Patience: 0/2
======================================================================

======================================================================
STAGE 1 — GENERIC — EPOCH 5/6
======================================================================
Train Loss: 0.035357
Validation Micro F1: 72.57%
Validation Macro F1: 54.31%
Validation Macro Recall: 54.59%
Best Epoch: 4
Best Validation Macro F1 @0.5: 55.62%
Patience: 1/2
======================================================================

======================================================================
STAGE 1 — GENERIC — EPOCH 6/6
======================================================================
Train Loss: 0.017281
Validation Micro F1: 72.72%
Validation Macro F1: 55.15%
Validation Macro Recall: 54.73%
Best Epoch: 4
Best Validation Macro F1 @0.5: 55.62%
Patience: 2/2
======================================================================
