Scenario=G1
Seed=42
Stage1Mode=generic
Stage1Files=['train_augmented_generic_eda.csv']
Stage2=True
MinorityF2=True

======================================================================
STAGE 1 — GENERIC — EPOCH 1/6
======================================================================
Train Loss: 1.516370
Validation Micro F1: 51.09%
Validation Macro F1: 31.68%
Validation Macro Recall: 34.15%
Best Epoch: 1
Best Validation Macro F1 @0.5: 31.68%
Patience: 0/2
======================================================================

======================================================================
STAGE 1 — GENERIC — EPOCH 2/6
======================================================================
Train Loss: 0.402508
Validation Micro F1: 60.40%
Validation Macro F1: 46.99%
Validation Macro Recall: 57.26%
Best Epoch: 2
Best Validation Macro F1 @0.5: 46.99%
Patience: 0/2
======================================================================

======================================================================
STAGE 1 — GENERIC — EPOCH 3/6
======================================================================
Train Loss: 0.221757
Validation Micro F1: 65.98%
Validation Macro F1: 53.00%
Validation Macro Recall: 63.84%
Best Epoch: 3
Best Validation Macro F1 @0.5: 53.00%
Patience: 0/2
======================================================================

======================================================================
STAGE 1 — GENERIC — EPOCH 4/6
======================================================================
Train Loss: 0.138698
Validation Micro F1: 67.63%
Validation Macro F1: 54.42%
Validation Macro Recall: 63.06%
Best Epoch: 4
Best Validation Macro F1 @0.5: 54.42%
Patience: 0/2
======================================================================

======================================================================
STAGE 1 — GENERIC — EPOCH 5/6
======================================================================
Train Loss: 0.095458
Validation Micro F1: 68.44%
Validation Macro F1: 56.06%
Validation Macro Recall: 65.34%
Best Epoch: 5
Best Validation Macro F1 @0.5: 56.06%
Patience: 0/2
======================================================================

======================================================================
STAGE 1 — GENERIC — EPOCH 6/6
======================================================================
Train Loss: 0.073233
Validation Micro F1: 68.98%
Validation Macro F1: 56.37%
Validation Macro Recall: 64.76%
Best Epoch: 6
Best Validation Macro F1 @0.5: 56.37%
Patience: 0/2
======================================================================

======================================================================
STAGE 2 — ORIGINAL ONLY — EPOCH 1/6
======================================================================
Train Loss: 0.077540
Validation Micro F1: 68.40%
Validation Macro F1: 52.50%
Validation Macro Recall: 58.39%
Best Epoch: 1
Best Validation Macro F1 @0.5: 52.50%
Patience: 0/2
======================================================================

======================================================================
STAGE 2 — ORIGINAL ONLY — EPOCH 2/6
======================================================================
Train Loss: 0.057144
Validation Micro F1: 69.77%
Validation Macro F1: 53.69%
Validation Macro Recall: 59.11%
Best Epoch: 2
Best Validation Macro F1 @0.5: 53.69%
Patience: 0/2
======================================================================

======================================================================
STAGE 2 — ORIGINAL ONLY — EPOCH 3/6
======================================================================
Train Loss: 0.032420
Validation Micro F1: 70.84%
Validation Macro F1: 54.82%
Validation Macro Recall: 59.50%
Best Epoch: 3
Best Validation Macro F1 @0.5: 54.82%
Patience: 0/2
======================================================================

======================================================================
STAGE 2 — ORIGINAL ONLY — EPOCH 4/6
======================================================================
Train Loss: 0.019495
Validation Micro F1: 71.72%
Validation Macro F1: 55.22%
Validation Macro Recall: 59.32%
Best Epoch: 4
Best Validation Macro F1 @0.5: 55.22%
Patience: 0/2
======================================================================

======================================================================
STAGE 2 — ORIGINAL ONLY — EPOCH 5/6
======================================================================
Train Loss: 0.012618
Validation Micro F1: 72.18%
Validation Macro F1: 54.62%
Validation Macro Recall: 58.50%
Best Epoch: 4
Best Validation Macro F1 @0.5: 55.22%
Patience: 1/2
======================================================================

======================================================================
STAGE 2 — ORIGINAL ONLY — EPOCH 6/6
======================================================================
Train Loss: 0.009342
Validation Micro F1: 72.02%
Validation Macro F1: 54.49%
Validation Macro Recall: 58.38%
Best Epoch: 4
Best Validation Macro F1 @0.5: 55.22%
Patience: 2/2
======================================================================
