Scenario=B1
Seed=42
Stage1Mode=cyber
Stage1Files=['train_augmented_eda.csv']
Stage2=False
MinorityF2=False

======================================================================
STAGE 1 — CYBER — EPOCH 1/6
======================================================================
Train Loss: 0.847094
Validation Micro F1: 57.37%
Validation Macro F1: 54.80%
Validation Macro Recall: 74.93%
Best Epoch: 1
Best Validation Macro F1 @0.5: 54.80%
Patience: 0/2
======================================================================

======================================================================
STAGE 1 — CYBER — EPOCH 2/6
======================================================================
Train Loss: 0.288279
Validation Micro F1: 71.87%
Validation Macro F1: 67.65%
Validation Macro Recall: 81.04%
Best Epoch: 2
Best Validation Macro F1 @0.5: 67.65%
Patience: 0/2
======================================================================

======================================================================
STAGE 1 — CYBER — EPOCH 3/6
======================================================================
Train Loss: 0.159738
Validation Micro F1: 74.68%
Validation Macro F1: 70.11%
Validation Macro Recall: 80.86%
Best Epoch: 3
Best Validation Macro F1 @0.5: 70.11%
Patience: 0/2
======================================================================

======================================================================
STAGE 1 — CYBER — EPOCH 4/6
======================================================================
Train Loss: 0.096793
Validation Micro F1: 77.69%
Validation Macro F1: 73.32%
Validation Macro Recall: 81.53%
Best Epoch: 4
Best Validation Macro F1 @0.5: 73.32%
Patience: 0/2
======================================================================

======================================================================
STAGE 1 — CYBER — EPOCH 5/6
======================================================================
Train Loss: 0.064680
Validation Micro F1: 77.65%
Validation Macro F1: 74.03%
Validation Macro Recall: 82.54%
Best Epoch: 5
Best Validation Macro F1 @0.5: 74.03%
Patience: 0/2
======================================================================

======================================================================
STAGE 1 — CYBER — EPOCH 6/6
======================================================================
Train Loss: 0.048071
Validation Micro F1: 78.53%
Validation Macro F1: 74.39%
Validation Macro Recall: 82.53%
Best Epoch: 6
Best Validation Macro F1 @0.5: 74.39%
Patience: 0/2
======================================================================
