Scenario=B1
Seed=42
Stage1Mode=cyber
Stage1Files=['train_augmented_eda.csv']
Stage2=False
MinorityF2=False

======================================================================
STAGE 1 — CYBER — EPOCH 1/6
======================================================================
Train Loss: 1.867019
Validation Micro F1: 50.31%
Validation Macro F1: 21.61%
Validation Macro Recall: 21.46%
Best Epoch: 1
Best Validation Macro F1 @0.5: 21.61%
Patience: 0/2
======================================================================

======================================================================
STAGE 1 — CYBER — EPOCH 2/6
======================================================================
Train Loss: 0.411951
Validation Micro F1: 67.40%
Validation Macro F1: 50.51%
Validation Macro Recall: 55.62%
Best Epoch: 2
Best Validation Macro F1 @0.5: 50.51%
Patience: 0/2
======================================================================

======================================================================
STAGE 1 — CYBER — EPOCH 3/6
======================================================================
Train Loss: 0.187526
Validation Micro F1: 70.49%
Validation Macro F1: 58.17%
Validation Macro Recall: 64.66%
Best Epoch: 3
Best Validation Macro F1 @0.5: 58.17%
Patience: 0/2
======================================================================

======================================================================
STAGE 1 — CYBER — EPOCH 4/6
======================================================================
Train Loss: 0.086078
Validation Micro F1: 73.29%
Validation Macro F1: 57.84%
Validation Macro Recall: 61.55%
Best Epoch: 3
Best Validation Macro F1 @0.5: 58.17%
Patience: 1/2
======================================================================

======================================================================
STAGE 1 — CYBER — EPOCH 5/6
======================================================================
Train Loss: 0.040687
Validation Micro F1: 75.21%
Validation Macro F1: 58.96%
Validation Macro Recall: 61.17%
Best Epoch: 5
Best Validation Macro F1 @0.5: 58.96%
Patience: 0/2
======================================================================

======================================================================
STAGE 1 — CYBER — EPOCH 6/6
======================================================================
Train Loss: 0.022633
Validation Micro F1: 75.68%
Validation Macro F1: 60.43%
Validation Macro Recall: 63.12%
Best Epoch: 6
Best Validation Macro F1 @0.5: 60.43%
Patience: 0/2
======================================================================
