Scenario=G0
Seed=42
Stage1Mode=generic
Stage1Files=['train_augmented_generic_eda.csv']
Stage2=False
MinorityF2=False

======================================================================
STAGE 1 — GENERIC — EPOCH 1/6
======================================================================
Train Loss: 0.805182
Validation Micro F1: 62.36%
Validation Macro F1: 58.11%
Validation Macro Recall: 68.88%
Best Epoch: 1
Best Validation Macro F1 @0.5: 58.11%
Patience: 0/2
======================================================================

======================================================================
STAGE 1 — GENERIC — EPOCH 2/6
======================================================================
Train Loss: 0.299097
Validation Micro F1: 75.44%
Validation Macro F1: 69.82%
Validation Macro Recall: 81.21%
Best Epoch: 2
Best Validation Macro F1 @0.5: 69.82%
Patience: 0/2
======================================================================

======================================================================
STAGE 1 — GENERIC — EPOCH 3/6
======================================================================
Train Loss: 0.171652
Validation Micro F1: 78.59%
Validation Macro F1: 74.29%
Validation Macro Recall: 82.65%
Best Epoch: 3
Best Validation Macro F1 @0.5: 74.29%
Patience: 0/2
======================================================================

======================================================================
STAGE 1 — GENERIC — EPOCH 4/6
======================================================================
Train Loss: 0.106394
Validation Micro F1: 79.85%
Validation Macro F1: 76.25%
Validation Macro Recall: 83.75%
Best Epoch: 4
Best Validation Macro F1 @0.5: 76.25%
Patience: 0/2
======================================================================

======================================================================
STAGE 1 — GENERIC — EPOCH 5/6
======================================================================
Train Loss: 0.071100
Validation Micro F1: 81.51%
Validation Macro F1: 77.86%
Validation Macro Recall: 83.72%
Best Epoch: 5
Best Validation Macro F1 @0.5: 77.86%
Patience: 0/2
======================================================================

======================================================================
STAGE 1 — GENERIC — EPOCH 6/6
======================================================================
Train Loss: 0.053345
Validation Micro F1: 81.59%
Validation Macro F1: 78.51%
Validation Macro Recall: 84.08%
Best Epoch: 6
Best Validation Macro F1 @0.5: 78.51%
Patience: 0/2
======================================================================
