Scenario=B1
Seed=42
Stage1Mode=cyber
Stage1Files=['train_augmented_eda.csv']
Stage2=False
MinorityF2=False

======================================================================
STAGE 1 — CYBER — EPOCH 1/6
======================================================================
Train Loss: 1.228655
Validation Micro F1: 58.21%
Validation Macro F1: 34.24%
Validation Macro Recall: 35.68%
Best Epoch: 1
Best Validation Macro F1 @0.5: 34.24%
Patience: 0/2
======================================================================

======================================================================
STAGE 1 — CYBER — EPOCH 2/6
======================================================================
Train Loss: 0.359212
Validation Micro F1: 68.23%
Validation Macro F1: 55.26%
Validation Macro Recall: 65.35%
Best Epoch: 2
Best Validation Macro F1 @0.5: 55.26%
Patience: 0/2
======================================================================

======================================================================
STAGE 1 — CYBER — EPOCH 3/6
======================================================================
Train Loss: 0.194282
Validation Micro F1: 71.13%
Validation Macro F1: 57.77%
Validation Macro Recall: 65.30%
Best Epoch: 3
Best Validation Macro F1 @0.5: 57.77%
Patience: 0/2
======================================================================

======================================================================
STAGE 1 — CYBER — EPOCH 4/6
======================================================================
Train Loss: 0.117484
Validation Micro F1: 73.17%
Validation Macro F1: 59.95%
Validation Macro Recall: 66.77%
Best Epoch: 4
Best Validation Macro F1 @0.5: 59.95%
Patience: 0/2
======================================================================

======================================================================
STAGE 1 — CYBER — EPOCH 5/6
======================================================================
Train Loss: 0.075641
Validation Micro F1: 74.29%
Validation Macro F1: 60.91%
Validation Macro Recall: 66.94%
Best Epoch: 5
Best Validation Macro F1 @0.5: 60.91%
Patience: 0/2
======================================================================

======================================================================
STAGE 1 — CYBER — EPOCH 6/6
======================================================================
Train Loss: 0.053316
Validation Micro F1: 74.87%
Validation Macro F1: 61.99%
Validation Macro Recall: 67.16%
Best Epoch: 6
Best Validation Macro F1 @0.5: 61.99%
Patience: 0/2
======================================================================
