Scenario=G1
Seed=42
Stage1Mode=generic
Stage1Files=['train_augmented_generic_eda.csv']
Stage2=True
MinorityF2=True

======================================================================
STAGE 1 — GENERIC — EPOCH 1/6
======================================================================
Train Loss: 1.887829
Validation Micro F1: 41.07%
Validation Macro F1: 14.60%
Validation Macro Recall: 16.24%
Best Epoch: 1
Best Validation Macro F1 @0.5: 14.60%
Patience: 0/2
======================================================================

======================================================================
STAGE 1 — GENERIC — EPOCH 2/6
======================================================================
Train Loss: 0.474233
Validation Micro F1: 65.53%
Validation Macro F1: 46.92%
Validation Macro Recall: 51.42%
Best Epoch: 2
Best Validation Macro F1 @0.5: 46.92%
Patience: 0/2
======================================================================

======================================================================
STAGE 1 — GENERIC — EPOCH 3/6
======================================================================
Train Loss: 0.216087
Validation Micro F1: 70.54%
Validation Macro F1: 56.30%
Validation Macro Recall: 61.66%
Best Epoch: 3
Best Validation Macro F1 @0.5: 56.30%
Patience: 0/2
======================================================================

======================================================================
STAGE 1 — GENERIC — EPOCH 4/6
======================================================================
Train Loss: 0.101679
Validation Micro F1: 74.10%
Validation Macro F1: 57.87%
Validation Macro Recall: 60.04%
Best Epoch: 4
Best Validation Macro F1 @0.5: 57.87%
Patience: 0/2
======================================================================

======================================================================
STAGE 1 — GENERIC — EPOCH 5/6
======================================================================
Train Loss: 0.046499
Validation Micro F1: 75.35%
Validation Macro F1: 59.07%
Validation Macro Recall: 61.48%
Best Epoch: 5
Best Validation Macro F1 @0.5: 59.07%
Patience: 0/2
======================================================================

======================================================================
STAGE 1 — GENERIC — EPOCH 6/6
======================================================================
Train Loss: 0.025065
Validation Micro F1: 75.36%
Validation Macro F1: 58.77%
Validation Macro Recall: 60.55%
Best Epoch: 5
Best Validation Macro F1 @0.5: 59.07%
Patience: 1/2
======================================================================

======================================================================
STAGE 2 — ORIGINAL ONLY — EPOCH 1/6
======================================================================
Train Loss: 0.034811
Validation Micro F1: 73.26%
Validation Macro F1: 58.34%
Validation Macro Recall: 60.22%
Best Epoch: 1
Best Validation Macro F1 @0.5: 58.34%
Patience: 0/2
======================================================================

======================================================================
STAGE 2 — ORIGINAL ONLY — EPOCH 2/6
======================================================================
Train Loss: 0.026490
Validation Micro F1: 75.89%
Validation Macro F1: 58.46%
Validation Macro Recall: 59.62%
Best Epoch: 2
Best Validation Macro F1 @0.5: 58.46%
Patience: 0/2
======================================================================

======================================================================
STAGE 2 — ORIGINAL ONLY — EPOCH 3/6
======================================================================
Train Loss: 0.010979
Validation Micro F1: 76.56%
Validation Macro F1: 58.71%
Validation Macro Recall: 59.06%
Best Epoch: 3
Best Validation Macro F1 @0.5: 58.71%
Patience: 0/2
======================================================================

======================================================================
STAGE 2 — ORIGINAL ONLY — EPOCH 4/6
======================================================================
Train Loss: 0.004511
Validation Micro F1: 77.48%
Validation Macro F1: 61.03%
Validation Macro Recall: 60.96%
Best Epoch: 4
Best Validation Macro F1 @0.5: 61.03%
Patience: 0/2
======================================================================

======================================================================
STAGE 2 — ORIGINAL ONLY — EPOCH 5/6
======================================================================
Train Loss: 0.002363
Validation Micro F1: 77.33%
Validation Macro F1: 59.96%
Validation Macro Recall: 60.20%
Best Epoch: 4
Best Validation Macro F1 @0.5: 61.03%
Patience: 1/2
======================================================================

======================================================================
STAGE 2 — ORIGINAL ONLY — EPOCH 6/6
======================================================================
Train Loss: 0.001644
Validation Micro F1: 77.84%
Validation Macro F1: 60.52%
Validation Macro Recall: 60.47%
Best Epoch: 4
Best Validation Macro F1 @0.5: 61.03%
Patience: 2/2
======================================================================
