Scenario=A0
Seed=42
Stage1Mode=original
Stage1Files=['train.csv']
Stage2=False
MinorityF2=False

======================================================================
STAGE 1 — ORIGINAL — EPOCH 1/6
======================================================================
Train Loss: 0.875502
Validation Micro F1: 55.84%
Validation Macro F1: 44.40%
Validation Macro Recall: 52.22%
Best Epoch: 1
Best Validation Macro F1 @0.5: 44.40%
Patience: 0/2
======================================================================

======================================================================
STAGE 1 — ORIGINAL — EPOCH 2/6
======================================================================
Train Loss: 0.328627
Validation Micro F1: 70.22%
Validation Macro F1: 64.94%
Validation Macro Recall: 71.30%
Best Epoch: 2
Best Validation Macro F1 @0.5: 64.94%
Patience: 0/2
======================================================================

======================================================================
STAGE 1 — ORIGINAL — EPOCH 3/6
======================================================================
Train Loss: 0.202361
Validation Micro F1: 72.30%
Validation Macro F1: 66.87%
Validation Macro Recall: 74.82%
Best Epoch: 3
Best Validation Macro F1 @0.5: 66.87%
Patience: 0/2
======================================================================

======================================================================
STAGE 1 — ORIGINAL — EPOCH 4/6
======================================================================
Train Loss: 0.134192
Validation Micro F1: 75.01%
Validation Macro F1: 69.58%
Validation Macro Recall: 79.43%
Best Epoch: 4
Best Validation Macro F1 @0.5: 69.58%
Patience: 0/2
======================================================================

======================================================================
STAGE 1 — ORIGINAL — EPOCH 5/6
======================================================================
Train Loss: 0.095856
Validation Micro F1: 77.75%
Validation Macro F1: 73.23%
Validation Macro Recall: 78.02%
Best Epoch: 5
Best Validation Macro F1 @0.5: 73.23%
Patience: 0/2
======================================================================

======================================================================
STAGE 1 — ORIGINAL — EPOCH 6/6
======================================================================
Train Loss: 0.074761
Validation Micro F1: 76.65%
Validation Macro F1: 71.74%
Validation Macro Recall: 78.29%
Best Epoch: 5
Best Validation Macro F1 @0.5: 73.23%
Patience: 1/2
======================================================================
