Scenario=G1
Seed=42
Stage1Mode=generic
Stage1Files=['train_augmented_generic_eda.csv']
Stage2=True
MinorityF2=True

======================================================================
STAGE 1 — GENERIC — EPOCH 1/6
======================================================================
Train Loss: 1.135026
Validation Micro F1: 62.33%
Validation Macro F1: 37.72%
Validation Macro Recall: 42.33%
Best Epoch: 1
Best Validation Macro F1 @0.5: 37.72%
Patience: 0/2
======================================================================

======================================================================
STAGE 1 — GENERIC — EPOCH 2/6
======================================================================
Train Loss: 0.308321
Validation Micro F1: 68.81%
Validation Macro F1: 54.22%
Validation Macro Recall: 62.95%
Best Epoch: 2
Best Validation Macro F1 @0.5: 54.22%
Patience: 0/2
======================================================================

======================================================================
STAGE 1 — GENERIC — EPOCH 3/6
======================================================================
Train Loss: 0.158077
Validation Micro F1: 73.10%
Validation Macro F1: 59.09%
Validation Macro Recall: 67.37%
Best Epoch: 3
Best Validation Macro F1 @0.5: 59.09%
Patience: 0/2
======================================================================

======================================================================
STAGE 1 — GENERIC — EPOCH 4/6
======================================================================
Train Loss: 0.087504
Validation Micro F1: 74.13%
Validation Macro F1: 58.55%
Validation Macro Recall: 63.83%
Best Epoch: 3
Best Validation Macro F1 @0.5: 59.09%
Patience: 1/2
======================================================================

======================================================================
STAGE 1 — GENERIC — EPOCH 5/6
======================================================================
Train Loss: 0.051559
Validation Micro F1: 76.23%
Validation Macro F1: 60.81%
Validation Macro Recall: 66.11%
Best Epoch: 5
Best Validation Macro F1 @0.5: 60.81%
Patience: 0/2
======================================================================

======================================================================
STAGE 1 — GENERIC — EPOCH 6/6
======================================================================
Train Loss: 0.033902
Validation Micro F1: 76.33%
Validation Macro F1: 60.72%
Validation Macro Recall: 64.87%
Best Epoch: 5
Best Validation Macro F1 @0.5: 60.81%
Patience: 1/2
======================================================================

======================================================================
STAGE 2 — ORIGINAL ONLY — EPOCH 1/6
======================================================================
Train Loss: 0.056511
Validation Micro F1: 75.02%
Validation Macro F1: 57.46%
Validation Macro Recall: 61.44%
Best Epoch: 1
Best Validation Macro F1 @0.5: 57.46%
Patience: 0/2
======================================================================

======================================================================
STAGE 2 — ORIGINAL ONLY — EPOCH 2/6
======================================================================
Train Loss: 0.049041
Validation Micro F1: 75.67%
Validation Macro F1: 58.47%
Validation Macro Recall: 62.12%
Best Epoch: 2
Best Validation Macro F1 @0.5: 58.47%
Patience: 0/2
======================================================================

======================================================================
STAGE 2 — ORIGINAL ONLY — EPOCH 3/6
======================================================================
Train Loss: 0.028450
Validation Micro F1: 75.68%
Validation Macro F1: 59.35%
Validation Macro Recall: 63.08%
Best Epoch: 3
Best Validation Macro F1 @0.5: 59.35%
Patience: 0/2
======================================================================

======================================================================
STAGE 2 — ORIGINAL ONLY — EPOCH 4/6
======================================================================
Train Loss: 0.016826
Validation Micro F1: 76.97%
Validation Macro F1: 60.14%
Validation Macro Recall: 63.27%
Best Epoch: 4
Best Validation Macro F1 @0.5: 60.14%
Patience: 0/2
======================================================================

======================================================================
STAGE 2 — ORIGINAL ONLY — EPOCH 5/6
======================================================================
Train Loss: 0.009441
Validation Micro F1: 77.98%
Validation Macro F1: 60.44%
Validation Macro Recall: 62.70%
Best Epoch: 5
Best Validation Macro F1 @0.5: 60.44%
Patience: 0/2
======================================================================

======================================================================
STAGE 2 — ORIGINAL ONLY — EPOCH 6/6
======================================================================
Train Loss: 0.005814
Validation Micro F1: 77.83%
Validation Macro F1: 60.72%
Validation Macro Recall: 63.35%
Best Epoch: 6
Best Validation Macro F1 @0.5: 60.72%
Patience: 0/2
======================================================================
