Scenario=B2_E1
Seed=42
Stage1Mode=cyber
Stage1Files=['train_augmented_eda.csv']
Stage2=True
MinorityF2=True

======================================================================
STAGE 1 — CYBER — EPOCH 1/6
======================================================================
Train Loss: 0.806876
Validation Micro F1: 63.11%
Validation Macro F1: 57.77%
Validation Macro Recall: 67.41%
Best Epoch: 1
Best Validation Macro F1 @0.5: 57.77%
Patience: 0/2
======================================================================

======================================================================
STAGE 1 — CYBER — EPOCH 2/6
======================================================================
Train Loss: 0.305101
Validation Micro F1: 77.19%
Validation Macro F1: 71.18%
Validation Macro Recall: 81.14%
Best Epoch: 2
Best Validation Macro F1 @0.5: 71.18%
Patience: 0/2
======================================================================

======================================================================
STAGE 1 — CYBER — EPOCH 3/6
======================================================================
Train Loss: 0.176843
Validation Micro F1: 79.25%
Validation Macro F1: 75.58%
Validation Macro Recall: 81.57%
Best Epoch: 3
Best Validation Macro F1 @0.5: 75.58%
Patience: 0/2
======================================================================

======================================================================
STAGE 1 — CYBER — EPOCH 4/6
======================================================================
Train Loss: 0.111336
Validation Micro F1: 79.87%
Validation Macro F1: 76.25%
Validation Macro Recall: 83.18%
Best Epoch: 4
Best Validation Macro F1 @0.5: 76.25%
Patience: 0/2
======================================================================

======================================================================
STAGE 1 — CYBER — EPOCH 5/6
======================================================================
Train Loss: 0.075819
Validation Micro F1: 81.95%
Validation Macro F1: 77.63%
Validation Macro Recall: 83.50%
Best Epoch: 5
Best Validation Macro F1 @0.5: 77.63%
Patience: 0/2
======================================================================

======================================================================
STAGE 1 — CYBER — EPOCH 6/6
======================================================================
Train Loss: 0.056653
Validation Micro F1: 81.47%
Validation Macro F1: 77.61%
Validation Macro Recall: 83.13%
Best Epoch: 5
Best Validation Macro F1 @0.5: 77.63%
Patience: 1/2
======================================================================

======================================================================
STAGE 2 — ORIGINAL ONLY — EPOCH 1/6
======================================================================
Train Loss: 0.070694
Validation Micro F1: 80.51%
Validation Macro F1: 77.19%
Validation Macro Recall: 80.08%
Best Epoch: 1
Best Validation Macro F1 @0.5: 77.19%
Patience: 0/2
======================================================================

======================================================================
STAGE 2 — ORIGINAL ONLY — EPOCH 2/6
======================================================================
Train Loss: 0.058212
Validation Micro F1: 81.54%
Validation Macro F1: 77.80%
Validation Macro Recall: 82.83%
Best Epoch: 2
Best Validation Macro F1 @0.5: 77.80%
Patience: 0/2
======================================================================

======================================================================
STAGE 2 — ORIGINAL ONLY — EPOCH 3/6
======================================================================
Train Loss: 0.039504
Validation Micro F1: 82.49%
Validation Macro F1: 79.76%
Validation Macro Recall: 83.24%
Best Epoch: 3
Best Validation Macro F1 @0.5: 79.76%
Patience: 0/2
======================================================================

======================================================================
STAGE 2 — ORIGINAL ONLY — EPOCH 4/6
======================================================================
Train Loss: 0.023697
Validation Micro F1: 82.67%
Validation Macro F1: 80.07%
Validation Macro Recall: 83.18%
Best Epoch: 4
Best Validation Macro F1 @0.5: 80.07%
Patience: 0/2
======================================================================

======================================================================
STAGE 2 — ORIGINAL ONLY — EPOCH 5/6
======================================================================
Train Loss: 0.015681
Validation Micro F1: 83.08%
Validation Macro F1: 80.10%
Validation Macro Recall: 83.76%
Best Epoch: 5
Best Validation Macro F1 @0.5: 80.10%
Patience: 0/2
======================================================================

======================================================================
STAGE 2 — ORIGINAL ONLY — EPOCH 6/6
======================================================================
Train Loss: 0.011067
Validation Micro F1: 83.72%
Validation Macro F1: 80.61%
Validation Macro Recall: 83.67%
Best Epoch: 6
Best Validation Macro F1 @0.5: 80.61%
Patience: 0/2
======================================================================
