Scenario=G0
Seed=42
Stage1Mode=generic
Stage1Files=['train_augmented_generic_eda.csv']
Stage2=False
MinorityF2=False

======================================================================
STAGE 1 — GENERIC — EPOCH 1/6
======================================================================
Train Loss: 1.531715
Validation Micro F1: 56.43%
Validation Macro F1: 34.08%
Validation Macro Recall: 38.77%
Best Epoch: 1
Best Validation Macro F1 @0.5: 34.08%
Patience: 0/2
======================================================================

======================================================================
STAGE 1 — GENERIC — EPOCH 2/6
======================================================================
Train Loss: 0.353049
Validation Micro F1: 64.82%
Validation Macro F1: 48.84%
Validation Macro Recall: 53.73%
Best Epoch: 2
Best Validation Macro F1 @0.5: 48.84%
Patience: 0/2
======================================================================

======================================================================
STAGE 1 — GENERIC — EPOCH 3/6
======================================================================
Train Loss: 0.156000
Validation Micro F1: 69.48%
Validation Macro F1: 52.48%
Validation Macro Recall: 54.93%
Best Epoch: 3
Best Validation Macro F1 @0.5: 52.48%
Patience: 0/2
======================================================================

======================================================================
STAGE 1 — GENERIC — EPOCH 4/6
======================================================================
Train Loss: 0.066027
Validation Micro F1: 72.95%
Validation Macro F1: 54.83%
Validation Macro Recall: 55.86%
Best Epoch: 4
Best Validation Macro F1 @0.5: 54.83%
Patience: 0/2
======================================================================

======================================================================
STAGE 1 — GENERIC — EPOCH 5/6
======================================================================
Train Loss: 0.027418
Validation Micro F1: 74.03%
Validation Macro F1: 56.23%
Validation Macro Recall: 57.41%
Best Epoch: 5
Best Validation Macro F1 @0.5: 56.23%
Patience: 0/2
======================================================================

======================================================================
STAGE 1 — GENERIC — EPOCH 6/6
======================================================================
Train Loss: 0.012183
Validation Micro F1: 73.81%
Validation Macro F1: 55.59%
Validation Macro Recall: 56.63%
Best Epoch: 5
Best Validation Macro F1 @0.5: 56.23%
Patience: 1/2
======================================================================
