Scenario=G0
Seed=42
Stage1Mode=generic
Stage1Files=['train_augmented_generic_eda.csv']
Stage2=False
MinorityF2=False

======================================================================
STAGE 1 — GENERIC — EPOCH 1/6
======================================================================
Train Loss: 0.948876
Validation Micro F1: 57.37%
Validation Macro F1: 53.11%
Validation Macro Recall: 62.93%
Best Epoch: 1
Best Validation Macro F1 @0.5: 53.11%
Patience: 0/2
======================================================================

======================================================================
STAGE 1 — GENERIC — EPOCH 2/6
======================================================================
Train Loss: 0.306472
Validation Micro F1: 72.19%
Validation Macro F1: 68.49%
Validation Macro Recall: 76.43%
Best Epoch: 2
Best Validation Macro F1 @0.5: 68.49%
Patience: 0/2
======================================================================

======================================================================
STAGE 1 — GENERIC — EPOCH 3/6
======================================================================
Train Loss: 0.131554
Validation Micro F1: 76.38%
Validation Macro F1: 73.42%
Validation Macro Recall: 75.53%
Best Epoch: 3
Best Validation Macro F1 @0.5: 73.42%
Patience: 0/2
======================================================================

======================================================================
STAGE 1 — GENERIC — EPOCH 4/6
======================================================================
Train Loss: 0.056825
Validation Micro F1: 79.48%
Validation Macro F1: 74.93%
Validation Macro Recall: 76.12%
Best Epoch: 4
Best Validation Macro F1 @0.5: 74.93%
Patience: 0/2
======================================================================

======================================================================
STAGE 1 — GENERIC — EPOCH 5/6
======================================================================
Train Loss: 0.024303
Validation Micro F1: 80.65%
Validation Macro F1: 76.13%
Validation Macro Recall: 77.49%
Best Epoch: 5
Best Validation Macro F1 @0.5: 76.13%
Patience: 0/2
======================================================================

======================================================================
STAGE 1 — GENERIC — EPOCH 6/6
======================================================================
Train Loss: 0.011563
Validation Micro F1: 81.56%
Validation Macro F1: 76.56%
Validation Macro Recall: 77.33%
Best Epoch: 6
Best Validation Macro F1 @0.5: 76.56%
Patience: 0/2
======================================================================
