Scenario=B1
Seed=42
Stage1Mode=cyber
Stage1Files=['train_augmented_eda.csv']
Stage2=False
MinorityF2=False

======================================================================
STAGE 1 — CYBER — EPOCH 1/6
======================================================================
Train Loss: 1.501946
Validation Micro F1: 64.05%
Validation Macro F1: 40.47%
Validation Macro Recall: 45.55%
Best Epoch: 1
Best Validation Macro F1 @0.5: 40.47%
Patience: 0/2
======================================================================

======================================================================
STAGE 1 — CYBER — EPOCH 2/6
======================================================================
Train Loss: 0.283921
Validation Micro F1: 72.93%
Validation Macro F1: 57.11%
Validation Macro Recall: 62.35%
Best Epoch: 2
Best Validation Macro F1 @0.5: 57.11%
Patience: 0/2
======================================================================

======================================================================
STAGE 1 — CYBER — EPOCH 3/6
======================================================================
Train Loss: 0.117346
Validation Micro F1: 76.24%
Validation Macro F1: 58.82%
Validation Macro Recall: 63.02%
Best Epoch: 3
Best Validation Macro F1 @0.5: 58.82%
Patience: 0/2
======================================================================

======================================================================
STAGE 1 — CYBER — EPOCH 4/6
======================================================================
Train Loss: 0.047122
Validation Micro F1: 78.10%
Validation Macro F1: 61.78%
Validation Macro Recall: 63.37%
Best Epoch: 4
Best Validation Macro F1 @0.5: 61.78%
Patience: 0/2
======================================================================

======================================================================
STAGE 1 — CYBER — EPOCH 5/6
======================================================================
Train Loss: 0.018576
Validation Micro F1: 79.38%
Validation Macro F1: 62.29%
Validation Macro Recall: 63.98%
Best Epoch: 5
Best Validation Macro F1 @0.5: 62.29%
Patience: 0/2
======================================================================

======================================================================
STAGE 1 — CYBER — EPOCH 6/6
======================================================================
Train Loss: 0.008600
Validation Micro F1: 79.00%
Validation Macro F1: 62.41%
Validation Macro Recall: 63.22%
Best Epoch: 6
Best Validation Macro F1 @0.5: 62.41%
Patience: 0/2
======================================================================
