Scenario=G1
Seed=42
Stage1Mode=generic
Stage1Files=['train_augmented_generic_eda.csv']
Stage2=True
MinorityF2=True

======================================================================
STAGE 1 — GENERIC — EPOCH 1/6
======================================================================
Train Loss: 1.837886
Validation Micro F1: 43.86%
Validation Macro F1: 16.77%
Validation Macro Recall: 17.66%
Best Epoch: 1
Best Validation Macro F1 @0.5: 16.77%
Patience: 0/2
======================================================================

======================================================================
STAGE 1 — GENERIC — EPOCH 2/6
======================================================================
Train Loss: 0.444483
Validation Micro F1: 62.92%
Validation Macro F1: 47.22%
Validation Macro Recall: 50.87%
Best Epoch: 2
Best Validation Macro F1 @0.5: 47.22%
Patience: 0/2
======================================================================

======================================================================
STAGE 1 — GENERIC — EPOCH 3/6
======================================================================
Train Loss: 0.190423
Validation Micro F1: 68.17%
Validation Macro F1: 51.80%
Validation Macro Recall: 54.40%
Best Epoch: 3
Best Validation Macro F1 @0.5: 51.80%
Patience: 0/2
======================================================================

======================================================================
STAGE 1 — GENERIC — EPOCH 4/6
======================================================================
Train Loss: 0.081981
Validation Micro F1: 70.14%
Validation Macro F1: 55.62%
Validation Macro Recall: 58.79%
Best Epoch: 4
Best Validation Macro F1 @0.5: 55.62%
Patience: 0/2
======================================================================

======================================================================
STAGE 1 — GENERIC — EPOCH 5/6
======================================================================
Train Loss: 0.035357
Validation Micro F1: 72.57%
Validation Macro F1: 54.31%
Validation Macro Recall: 54.59%
Best Epoch: 4
Best Validation Macro F1 @0.5: 55.62%
Patience: 1/2
======================================================================

======================================================================
STAGE 1 — GENERIC — EPOCH 6/6
======================================================================
Train Loss: 0.017281
Validation Micro F1: 72.72%
Validation Macro F1: 55.15%
Validation Macro Recall: 54.73%
Best Epoch: 4
Best Validation Macro F1 @0.5: 55.62%
Patience: 2/2
======================================================================

======================================================================
STAGE 2 — ORIGINAL ONLY — EPOCH 1/6
======================================================================
Train Loss: 0.050194
Validation Micro F1: 69.72%
Validation Macro F1: 52.43%
Validation Macro Recall: 53.04%
Best Epoch: 1
Best Validation Macro F1 @0.5: 52.43%
Patience: 0/2
======================================================================

======================================================================
STAGE 2 — ORIGINAL ONLY — EPOCH 2/6
======================================================================
Train Loss: 0.038271
Validation Micro F1: 72.91%
Validation Macro F1: 55.32%
Validation Macro Recall: 54.65%
Best Epoch: 2
Best Validation Macro F1 @0.5: 55.32%
Patience: 0/2
======================================================================

======================================================================
STAGE 2 — ORIGINAL ONLY — EPOCH 3/6
======================================================================
Train Loss: 0.017424
Validation Micro F1: 71.86%
Validation Macro F1: 54.21%
Validation Macro Recall: 55.74%
Best Epoch: 2
Best Validation Macro F1 @0.5: 55.32%
Patience: 1/2
======================================================================

======================================================================
STAGE 2 — ORIGINAL ONLY — EPOCH 4/6
======================================================================
Train Loss: 0.007677
Validation Micro F1: 73.97%
Validation Macro F1: 55.62%
Validation Macro Recall: 55.60%
Best Epoch: 4
Best Validation Macro F1 @0.5: 55.62%
Patience: 0/2
======================================================================

======================================================================
STAGE 2 — ORIGINAL ONLY — EPOCH 5/6
======================================================================
Train Loss: 0.003213
Validation Micro F1: 74.39%
Validation Macro F1: 55.74%
Validation Macro Recall: 54.56%
Best Epoch: 5
Best Validation Macro F1 @0.5: 55.74%
Patience: 0/2
======================================================================

======================================================================
STAGE 2 — ORIGINAL ONLY — EPOCH 6/6
======================================================================
Train Loss: 0.001721
Validation Micro F1: 74.78%
Validation Macro F1: 56.30%
Validation Macro Recall: 54.79%
Best Epoch: 6
Best Validation Macro F1 @0.5: 56.30%
Patience: 0/2
======================================================================
